producer_class	xtools.gsea.Gsea
producer_timestamp	1612914706377
param	zip_report	false
param	num	100
param	scoring_scheme	weighted
param	norm	meandiv
param	out	/Users/mizuhi/gsea_home/output/feb09
param	mode	Max_probe
param	include_only_symbols	true
param	set_max	500
param	gmx	ftp.broadinstitute.org://pub/gsea/gene_sets/h.all.v7.2.symbols.gmt
param	plot_top_x	20
param	nperm	1000
param	order	descending
param	rpt_label	my_analysis
param	rnd_seed	timestamp
param	set_min	15
param	res	/Users/mizuhi/OneDrive - Harvard University/Haigis Lab/Projects/Halo-Ago2/Halo-Ago-KRas/Raw Data/RNA-Seq/Mouse colon tumor/4-OHT enema model/Analysis/GSEA/normalized_raw_gene_counts_filtered.txt
param	chip	ftp.broadinstitute.org://pub/gsea/annotations_versioned/Mouse_ENSEMBL_Gene_ID_Human_Orthologs_MSigDB.v7.2.chip
param	create_svgs	false
param	cls	/Users/mizuhi/OneDrive - Harvard University/Haigis Lab/Projects/Halo-Ago2/Halo-Ago-KRas/Raw Data/RNA-Seq/Mouse colon tumor/4-OHT enema model/Analysis/GSEA/phenotype.cls#KRAS_G12D_versus_KRAS_WT
param	sort	real
param	create_gcts	false
param	help	false
param	save_rnd_lists	false
param	median	false
param	metric	Signal2Noise
param	make_sets	true
param	rnd_type	no_balance
param	gui	false
param	permute	gene_set
param	collapse	Collapse

file	/Users/mizuhi/gsea_home/output/feb09/my_analysis.Gsea.1612914706377/index.html
