producer_class	xtools.gsea.Gsea
producer_timestamp	1553109067704
param	collapse	true
param	cls	/Users/mizuhi/OneDrive - Harvard University/Haigis Lab/Projects/Halo-Ago2/Halo-Ago-KRas/Raw Data/RNA-Seq/Mouse colon tumor/4-OHT enema model/Analysis/GSEA/phenotype.cls#KRAS_G12D_versus_KRAS_WT
param	plot_top_x	20
param	norm	meandiv
param	save_rnd_lists	false
param	median	false
param	num	100
param	scoring_scheme	weighted
param	make_sets	true
param	mode	Max_probe
param	gmx	gseaftp.broadinstitute.org://pub/gsea/gene_sets_final/h.all.v6.2.symbols.gmt
param	gui	false
param	chip	gseaftp.broadinstitute.org://pub/gsea/annotations/ENSEMBL_mouse_gene.chip
param	metric	Signal2Noise
param	rpt_label	my_analysis
param	help	false
param	order	descending
param	out	/Users/mizuhi/gsea_home/output/mar20
param	create_svgs	false
param	permute	gene_set
param	rnd_type	no_balance
param	set_min	15
param	include_only_symbols	true
param	sort	real
param	create_gcts	false
param	rnd_seed	timestamp
param	nperm	1000
param	zip_report	false
param	set_max	500
param	res	/Users/mizuhi/OneDrive - Harvard University/Haigis Lab/Projects/Halo-Ago2/Halo-Ago-KRas/Raw Data/RNA-Seq/Mouse colon tumor/4-OHT enema model/Analysis/GSEA/normalized_raw_gene_counts_filtered.txt

file	/Users/mizuhi/gsea_home/output/mar20/my_analysis.Gsea.1553109067704/index.html
